main.c:82:5:main	32	static
main.c:165:6:SystemClock_Config	72	static
main.c:203:13:MX_SPI1_Init	8	static
main.c:241:13:MX_TIM3_Init	32	static
main.c:286:13:MX_USART2_UART_Init	8	static
main.c:319:13:MX_GPIO_Init	40	static
main.c:369:6:HAL_TIM_PeriodElapsedCallback	16	static
main.c:378:6:DelayMicro	16	static
main.c:387:9:NRF24_ReadReg	32	static
main.c:404:6:NRF24_WriteReg	16	static
main.c:414:6:NRF24_Write_Buf	16	static
main.c:427:6:NRF24_Read_Buf	16	static
main.c:437:6:NRF24_command	16	static
main.c:446:6:NRF24_activate	16	static
main.c:460:6:NRF24L01_RX_Mode	16	static
main.c:474:6:NRF24_ini	8	static
main.c:508:6:Error_Handler	4	static
