Archive member included to satisfy reference by file (symbol)

d:/soft/ide/8 2018-q4-major/bin/../lib/gcc/arm-none-eabi/8.2.1/thumb/v7e-m/nofp\libgcc.a(_arm_addsubsf3.o)
                              ..\obj\main.o (__aeabi_ui2f)
d:/soft/ide/8 2018-q4-major/bin/../lib/gcc/arm-none-eabi/8.2.1/thumb/v7e-m/nofp\libgcc.a(_arm_muldivsf3.o)
                              ..\obj\main.o (__aeabi_fdiv)
d:/soft/ide/8 2018-q4-major/bin/../lib/gcc/arm-none-eabi/8.2.1/thumb/v7e-m/nofp\libgcc.a(_arm_fixunssfsi.o)
                              ..\obj\main.o (__aeabi_f2uiz)

Allocating common symbols
Common symbol       size              file

beep_time_cnt       0x4               ..\obj\main.o
beep_freq           0x4               ..\obj\main.o

Discarded input sections

 .text          0x00000000        0x0 ..\obj\startup_stm32f4xx.o
 .data          0x00000000        0x0 ..\obj\startup_stm32f4xx.o
 .bss           0x00000000        0x0 ..\obj\startup_stm32f4xx.o
 .text          0x00000000        0x0 ..\obj\main.o
 .data          0x00000000        0x0 ..\obj\main.o
 .bss           0x00000000        0x0 ..\obj\main.o
 .text          0x00000000        0x0 ..\obj\system_stm32f4xx.o
 .data          0x00000000       0x14 ..\obj\system_stm32f4xx.o
 .bss           0x00000000        0x0 ..\obj\system_stm32f4xx.o
 .text.SystemInit
                0x00000000       0x5c ..\obj\system_stm32f4xx.o
 .text.SystemCoreClockUpdate
                0x00000000       0xf8 ..\obj\system_stm32f4xx.o
 .text.SetSysClock
                0x00000000       0x34 ..\obj\system_stm32f4xx.o
 .debug_info    0x00000000      0x598 ..\obj\system_stm32f4xx.o
 .debug_abbrev  0x00000000      0x151 ..\obj\system_stm32f4xx.o
 .debug_aranges
                0x00000000       0x30 ..\obj\system_stm32f4xx.o
 .debug_ranges  0x00000000       0x20 ..\obj\system_stm32f4xx.o
 .debug_line    0x00000000      0x23c ..\obj\system_stm32f4xx.o
 .debug_str     0x00000000      0x3b2 ..\obj\system_stm32f4xx.o
 .comment       0x00000000       0x76 ..\obj\system_stm32f4xx.o
 .debug_frame   0x00000000       0x74 ..\obj\system_stm32f4xx.o
 .ARM.attributes
                0x00000000       0x2e ..\obj\system_stm32f4xx.o
 .text          0x00000000        0x0 ..\obj\syscalls.o
 .data          0x00000000        0x0 ..\obj\syscalls.o
 .bss           0x00000000        0x4 ..\obj\syscalls.o
 .text._sbrk    0x00000000       0x3c ..\obj\syscalls.o
 .text.link     0x00000000       0x18 ..\obj\syscalls.o
 .text._close   0x00000000       0x16 ..\obj\syscalls.o
 .text._fstat   0x00000000       0x1e ..\obj\syscalls.o
 .text._isatty  0x00000000       0x14 ..\obj\syscalls.o
 .text._lseek   0x00000000       0x18 ..\obj\syscalls.o
 .text._read    0x00000000       0x18 ..\obj\syscalls.o
 .text._write   0x00000000       0x18 ..\obj\syscalls.o
 .text.abort    0x00000000        0x6 ..\obj\syscalls.o
 .debug_info    0x00000000      0xd60 ..\obj\syscalls.o
 .debug_abbrev  0x00000000      0x23f ..\obj\syscalls.o
 .debug_aranges
                0x00000000       0x60 ..\obj\syscalls.o
 .debug_ranges  0x00000000       0x50 ..\obj\syscalls.o
 .debug_line    0x00000000      0x294 ..\obj\syscalls.o
 .debug_str     0x00000000      0x736 ..\obj\syscalls.o
 .comment       0x00000000       0x76 ..\obj\syscalls.o
 .debug_frame   0x00000000      0x168 ..\obj\syscalls.o
 .ARM.attributes
                0x00000000       0x2e ..\obj\syscalls.o
 .text          0x00000000        0x0 ..\obj\DELAY_TIM7.o
 .data          0x00000000        0x0 ..\obj\DELAY_TIM7.o
 .bss           0x00000000        0x0 ..\obj\DELAY_TIM7.o
 .text.delay_us
                0x00000000       0x98 ..\obj\DELAY_TIM7.o
 .data          0x00000000        0x0 d:/soft/ide/8 2018-q4-major/bin/../lib/gcc/arm-none-eabi/8.2.1/thumb/v7e-m/nofp\libgcc.a(_arm_addsubsf3.o)
 .bss           0x00000000        0x0 d:/soft/ide/8 2018-q4-major/bin/../lib/gcc/arm-none-eabi/8.2.1/thumb/v7e-m/nofp\libgcc.a(_arm_addsubsf3.o)
 .data          0x00000000        0x0 d:/soft/ide/8 2018-q4-major/bin/../lib/gcc/arm-none-eabi/8.2.1/thumb/v7e-m/nofp\libgcc.a(_arm_muldivsf3.o)
 .bss           0x00000000        0x0 d:/soft/ide/8 2018-q4-major/bin/../lib/gcc/arm-none-eabi/8.2.1/thumb/v7e-m/nofp\libgcc.a(_arm_muldivsf3.o)
 .data          0x00000000        0x0 d:/soft/ide/8 2018-q4-major/bin/../lib/gcc/arm-none-eabi/8.2.1/thumb/v7e-m/nofp\libgcc.a(_arm_fixunssfsi.o)
 .bss           0x00000000        0x0 d:/soft/ide/8 2018-q4-major/bin/../lib/gcc/arm-none-eabi/8.2.1/thumb/v7e-m/nofp\libgcc.a(_arm_fixunssfsi.o)

Memory Configuration

Name             Origin             Length             Attributes
rom              0x08000000         0x00100000         xr
ram              0x20000000         0x00020000         xrw
ram1             0x10000000         0x00010000         xrw
*default*        0x00000000         0xffffffff

Linker script and memory map

                0x20020000                _eram = 0x20020000

.text           0x08000000      0xa2c
 *(.isr_vector)
 .isr_vector    0x08000000      0x188 ..\obj\startup_stm32f4xx.o
                0x08000000                g_pfnVectors
 *(.text*)
 .text.Default_Reset_Handler
                0x08000188       0x5c ..\obj\startup_stm32f4xx.o
                0x08000188                Default_Reset_Handler
                0x08000188                Reset_Handler
 .text.Default_Handler
                0x080001e4        0x6 ..\obj\startup_stm32f4xx.o
                0x080001e4                RTC_Alarm_IRQHandler
                0x080001e4                HASH_RNG_IRQHandler
                0x080001e4                EXTI2_IRQHandler
                0x080001e4                TIM8_CC_IRQHandler
                0x080001e4                DebugMon_Handler
                0x080001e4                TIM1_CC_IRQHandler
                0x080001e4                DMA2_Stream5_IRQHandler
                0x080001e4                HardFault_Handler
                0x080001e4                DMA1_Stream5_IRQHandler
                0x080001e4                SysTick_Handler
                0x080001e4                PVD_IRQHandler
                0x080001e4                SDIO_IRQHandler
                0x080001e4                TAMP_STAMP_IRQHandler
                0x080001e4                PendSV_Handler
                0x080001e4                NMI_Handler
                0x080001e4                CAN2_RX1_IRQHandler
                0x080001e4                EXTI3_IRQHandler
                0x080001e4                TIM8_TRG_COM_TIM14_IRQHandler
                0x080001e4                TIM1_UP_TIM10_IRQHandler
                0x080001e4                TIM8_UP_TIM13_IRQHandler
                0x080001e4                I2C3_ER_IRQHandler
                0x080001e4                EXTI0_IRQHandler
                0x080001e4                I2C2_EV_IRQHandler
                0x080001e4                DMA1_Stream2_IRQHandler
                0x080001e4                CAN1_RX0_IRQHandler
                0x080001e4                FPU_IRQHandler
                0x080001e4                OTG_HS_WKUP_IRQHandler
                0x080001e4                UsageFault_Handler
                0x080001e4                CAN2_SCE_IRQHandler
                0x080001e4                DMA2_Stream2_IRQHandler
                0x080001e4                SPI1_IRQHandler
                0x080001e4                TIM6_DAC_IRQHandler
                0x080001e4                TIM1_BRK_TIM9_IRQHandler
                0x080001e4                DCMI_IRQHandler
                0x080001e4                CAN2_RX0_IRQHandler
                0x080001e4                DMA2_Stream3_IRQHandler
                0x080001e4                USART6_IRQHandler
                0x080001e4                USART3_IRQHandler
                0x080001e4                CRYP_IRQHandler
                0x080001e4                CAN1_RX1_IRQHandler
                0x080001e4                UART5_IRQHandler
                0x080001e4                DMA2_Stream0_IRQHandler
                0x080001e4                I2C1_EV_IRQHandler
                0x080001e4                DMA1_Stream6_IRQHandler
                0x080001e4                DMA1_Stream1_IRQHandler
                0x080001e4                UART4_IRQHandler
                0x080001e4                RCC_IRQHandler
                0x080001e4                TIM8_BRK_TIM12_IRQHandler
                0x080001e4                EXTI15_10_IRQHandler
                0x080001e4                ADC_IRQHandler
                0x080001e4                DMA1_Stream7_IRQHandler
                0x080001e4                TIM7_IRQHandler
                0x080001e4                CAN2_TX_IRQHandler
                0x080001e4                TIM5_IRQHandler
                0x080001e4                DMA2_Stream7_IRQHandler
                0x080001e4                I2C3_EV_IRQHandler
                0x080001e4                EXTI9_5_IRQHandler
                0x080001e4                RTC_WKUP_IRQHandler
                0x080001e4                ETH_WKUP_IRQHandler
                0x080001e4                SPI2_IRQHandler
                0x080001e4                OTG_HS_EP1_IN_IRQHandler
                0x080001e4                MemManage_Handler
                0x080001e4                DMA1_Stream0_IRQHandler
                0x080001e4                CAN1_TX_IRQHandler
                0x080001e4                SVC_Handler
                0x080001e4                EXTI4_IRQHandler
                0x080001e4                FSMC_IRQHandler
                0x080001e4                ETH_IRQHandler
                0x080001e4                OTG_HS_EP1_OUT_IRQHandler
                0x080001e4                WWDG_IRQHandler
                0x080001e4                TIM2_IRQHandler
                0x080001e4                OTG_FS_WKUP_IRQHandler
                0x080001e4                TIM1_TRG_COM_TIM11_IRQHandler
                0x080001e4                OTG_HS_IRQHandler
                0x080001e4                EXTI1_IRQHandler
                0x080001e4                USART2_IRQHandler
                0x080001e4                I2C2_ER_IRQHandler
                0x080001e4                DMA2_Stream1_IRQHandler
                0x080001e4                CAN1_SCE_IRQHandler
                0x080001e4                FLASH_IRQHandler
                0x080001e4                DMA2_Stream4_IRQHandler
                0x080001e4                BusFault_Handler
                0x080001e4                USART1_IRQHandler
                0x080001e4                OTG_FS_IRQHandler
                0x080001e4                SPI3_IRQHandler
                0x080001e4                DMA1_Stream4_IRQHandler
                0x080001e4                I2C1_ER_IRQHandler
                0x080001e4                DMA2_Stream6_IRQHandler
                0x080001e4                DMA1_Stream3_IRQHandler
 *fill*         0x080001ea        0x2 
 .text.NVIC_EnableIRQ
                0x080001ec       0x30 ..\obj\main.o
 .text.main     0x0800021c      0x1f4 ..\obj\main.o
                0x0800021c                main
 .text.TIM4_IRQHandler
                0x08000410       0x38 ..\obj\main.o
                0x08000410                TIM4_IRQHandler
 .text.TIM3_IRQHandler
                0x08000448       0x4c ..\obj\main.o
                0x08000448                TIM3_IRQHandler
 .text.delay_ms
                0x08000494       0x9c ..\obj\DELAY_TIM7.o
                0x08000494                delay_ms
 .text          0x08000530      0x21c d:/soft/ide/8 2018-q4-major/bin/../lib/gcc/arm-none-eabi/8.2.1/thumb/v7e-m/nofp\libgcc.a(_arm_addsubsf3.o)
                0x08000530                __aeabi_frsub
                0x08000538                __subsf3
                0x08000538                __aeabi_fsub
                0x0800053c                __aeabi_fadd
                0x0800053c                __addsf3
                0x0800069c                __aeabi_ui2f
                0x0800069c                __floatunsisf
                0x080006a4                __aeabi_i2f
                0x080006a4                __floatsisf
                0x080006c0                __aeabi_ul2f
                0x080006c0                __floatundisf
                0x080006d0                __aeabi_l2f
                0x080006d0                __floatdisf
 .text          0x0800074c      0x2a0 d:/soft/ide/8 2018-q4-major/bin/../lib/gcc/arm-none-eabi/8.2.1/thumb/v7e-m/nofp\libgcc.a(_arm_muldivsf3.o)
                0x0800074c                __mulsf3
                0x0800074c                __aeabi_fmul
                0x080008b4                __aeabi_fdiv
                0x080008b4                __divsf3
 .text          0x080009ec       0x40 d:/soft/ide/8 2018-q4-major/bin/../lib/gcc/arm-none-eabi/8.2.1/thumb/v7e-m/nofp\libgcc.a(_arm_fixunssfsi.o)
                0x080009ec                __fixunssfsi
                0x080009ec                __aeabi_f2uiz
 *(.init)
 *(.fini)
 *crtbegin.o(.ctors)
 *crtbegin?.o(.ctors)
 *(EXCLUDE_FILE(*crtend.o *crtend?.o) .ctors)
 *(SORT_BY_NAME(.ctors.*))
 *(.ctors)
 *crtbegin.o(.dtors)
 *crtbegin?.o(.dtors)
 *(EXCLUDE_FILE(*crtend.o *crtend?.o) .dtors)
 *(SORT_BY_NAME(.dtors.*))
 *(.dtors)
 *(.rodata*)
 *(.eh_fram e*)

.glue_7         0x08000a2c        0x0
 .glue_7        0x08000a2c        0x0 linker stubs

.glue_7t        0x08000a2c        0x0
 .glue_7t       0x08000a2c        0x0 linker stubs

.vfp11_veneer   0x08000a2c        0x0
 .vfp11_veneer  0x08000a2c        0x0 linker stubs

.v4_bx          0x08000a2c        0x0
 .v4_bx         0x08000a2c        0x0 linker stubs

.iplt           0x08000a2c        0x0
 .iplt          0x08000a2c        0x0 ..\obj\startup_stm32f4xx.o

.rel.dyn        0x08000a2c        0x0
 .rel.iplt      0x08000a2c        0x0 ..\obj\startup_stm32f4xx.o

.ARM.extab
 *(.ARM.extab* .gnu.linkonce.armextab.*)
                0x08000a2c                __exidx_start = .

.ARM.exidx
 *(.ARM.exidx* .gnu.linkonce.armexidx.*)
                0x08000a2c                __exidx_end = .
                0x08000a2c                __etext = .
                0x08000a2c                _sidata = __etext

.data           0x20000000        0x0 load address 0x08000a2c
                0x20000000                __data_start__ = .
                0x20000000                _sdata = __data_start__
 *(vtable)
 *(.data*)
                0x20000000                . = ALIGN (0x4)
                [!provide]                PROVIDE (__preinit_array_start = .)
 *(.preinit_array)
                [!provide]                PROVIDE (__preinit_array_end = .)
                0x20000000                . = ALIGN (0x4)
                [!provide]                PROVIDE (__init_array_start = .)
 *(SORT_BY_NAME(.init_array.*))
 *(.init_array)
                [!provide]                PROVIDE (__init_array_end = .)
                0x20000000                . = ALIGN (0x4)
                [!provide]                PROVIDE (__fini_array_start = .)
 *(SORT_BY_NAME(.fini_array.*))
 *(.fini_array)
                [!provide]                PROVIDE (__fini_array_end = .)
 *(.jcr*)
                0x20000000                . = ALIGN (0x4)
                0x20000000                __data_end__ = .
                0x20000000                _edata = __data_end__

.igot.plt       0x20000000        0x0
 .igot.plt      0x20000000        0x0 ..\obj\startup_stm32f4xx.o

.bss            0x20000000        0x8
                0x20000000                . = ALIGN (0x4)
                0x20000000                __bss_start__ = .
                0x20000000                _sbss = __bss_start__
 *(.bss*)
 *(COMMON)
 COMMON         0x20000000        0x8 ..\obj\main.o
                0x20000000                beep_time_cnt
                0x20000004                beep_freq
                0x20000008                . = ALIGN (0x4)
                0x20000008                __bss_end__ = .
                0x20000008                _ebss = __bss_end__

.heap           0x20000008        0x0
                0x20000008                __end__ = .
                0x20000008                _end = __end__
                0x20000008                end = __end__
 *(.heap*)
                0x20000008                __HeapLimit = .

.co_stack       0x20000008      0x800
                0x20000008                . = ALIGN (0x8)
 *(.co_stack .co_stack.*)
 .co_stack      0x20000008      0x800 ..\obj\startup_stm32f4xx.o
                0x20000008                pulStack
                0x20020000                __StackTop = (ORIGIN (ram) + LENGTH (ram))
                0x2001f800                __StackLimit = (__StackTop - SIZEOF (.co_stack))
                [!provide]                PROVIDE (__stack = __StackTop)
                0x00000001                ASSERT ((__StackLimit >= __HeapLimit), region ram  overflowed with stack)
LOAD ..\obj\startup_stm32f4xx.o
LOAD ..\obj\main.o
LOAD ..\obj\system_stm32f4xx.o
LOAD ..\obj\syscalls.o
LOAD ..\obj\DELAY_TIM7.o
START GROUP
LOAD d:/soft/ide/8 2018-q4-major/bin/../lib/gcc/arm-none-eabi/8.2.1/thumb/v7e-m/nofp\libgcc.a
LOAD d:/soft/ide/8 2018-q4-major/bin/../lib/gcc/arm-none-eabi/8.2.1/../../../../arm-none-eabi/lib/thumb/v7e-m/nofp\libg.a
LOAD d:/soft/ide/8 2018-q4-major/bin/../lib/gcc/arm-none-eabi/8.2.1/../../../../arm-none-eabi/lib/thumb/v7e-m/nofp\libc.a
END GROUP
OUTPUT(biper_1.elf elf32-littlearm)

.debug_info     0x00000000      0xfb1
 .debug_info    0x00000000      0x11f ..\obj\startup_stm32f4xx.o
 .debug_info    0x0000011f      0x97f ..\obj\main.o
 .debug_info    0x00000a9e      0x513 ..\obj\DELAY_TIM7.o

.debug_abbrev   0x00000000      0x355
 .debug_abbrev  0x00000000       0xcd ..\obj\startup_stm32f4xx.o
 .debug_abbrev  0x000000cd      0x189 ..\obj\main.o
 .debug_abbrev  0x00000256       0xff ..\obj\DELAY_TIM7.o

.debug_aranges  0x00000000       0x88
 .debug_aranges
                0x00000000       0x28 ..\obj\startup_stm32f4xx.o
 .debug_aranges
                0x00000028       0x38 ..\obj\main.o
 .debug_aranges
                0x00000060       0x28 ..\obj\DELAY_TIM7.o

.debug_ranges   0x00000000       0x58
 .debug_ranges  0x00000000       0x18 ..\obj\startup_stm32f4xx.o
 .debug_ranges  0x00000018       0x28 ..\obj\main.o
 .debug_ranges  0x00000040       0x18 ..\obj\DELAY_TIM7.o

.debug_line     0x00000000      0x5c6
 .debug_line    0x00000000       0xbc ..\obj\startup_stm32f4xx.o
 .debug_line    0x000000bc      0x2f9 ..\obj\main.o
 .debug_line    0x000003b5      0x211 ..\obj\DELAY_TIM7.o

.debug_str      0x00000000      0x9e7
 .debug_str     0x00000000      0x18e ..\obj\startup_stm32f4xx.o
                                0x1ad (size before relaxing)
 .debug_str     0x0000018e      0x813 ..\obj\main.o
                                0x940 (size before relaxing)
 .debug_str     0x000009a1       0x46 ..\obj\DELAY_TIM7.o
                                0x396 (size before relaxing)

.comment        0x00000000       0x75
 .comment       0x00000000       0x75 ..\obj\startup_stm32f4xx.o
                                 0x76 (size before relaxing)
 .comment       0x00000075       0x76 ..\obj\main.o
 .comment       0x00000075       0x76 ..\obj\DELAY_TIM7.o

.ARM.attributes
                0x00000000       0x2e
 .ARM.attributes
                0x00000000       0x2e ..\obj\startup_stm32f4xx.o
 .ARM.attributes
                0x0000002e       0x2e ..\obj\main.o
 .ARM.attributes
                0x0000005c       0x2e ..\obj\DELAY_TIM7.o
 .ARM.attributes
                0x0000008a       0x1e d:/soft/ide/8 2018-q4-major/bin/../lib/gcc/arm-none-eabi/8.2.1/thumb/v7e-m/nofp\libgcc.a(_arm_addsubsf3.o)
 .ARM.attributes
                0x000000a8       0x1e d:/soft/ide/8 2018-q4-major/bin/../lib/gcc/arm-none-eabi/8.2.1/thumb/v7e-m/nofp\libgcc.a(_arm_muldivsf3.o)
 .ARM.attributes
                0x000000c6       0x1e d:/soft/ide/8 2018-q4-major/bin/../lib/gcc/arm-none-eabi/8.2.1/thumb/v7e-m/nofp\libgcc.a(_arm_fixunssfsi.o)

.debug_frame    0x00000000      0x1ec
 .debug_frame   0x00000000       0x4c ..\obj\startup_stm32f4xx.o
 .debug_frame   0x0000004c       0x98 ..\obj\main.o
 .debug_frame   0x000000e4       0x60 ..\obj\DELAY_TIM7.o
 .debug_frame   0x00000144       0x4c d:/soft/ide/8 2018-q4-major/bin/../lib/gcc/arm-none-eabi/8.2.1/thumb/v7e-m/nofp\libgcc.a(_arm_addsubsf3.o)
 .debug_frame   0x00000190       0x38 d:/soft/ide/8 2018-q4-major/bin/../lib/gcc/arm-none-eabi/8.2.1/thumb/v7e-m/nofp\libgcc.a(_arm_muldivsf3.o)
 .debug_frame   0x000001c8       0x24 d:/soft/ide/8 2018-q4-major/bin/../lib/gcc/arm-none-eabi/8.2.1/thumb/v7e-m/nofp\libgcc.a(_arm_fixunssfsi.o)
